libnpagent {
  global:
    NpAgentOptions_create;
    NpAgentOptions_release;
    NpAgentOptions_setPoolSize;
    NpAgentOptions_setBoostValue;
    NpAgentOptions_setInputFormat;
    NpAgentOptions_setOutputFormat;
    NpAgentOptions_setInputCompressionMode;
    NpAgentOptions_setOutputCompressionMode;
    NpAgentOptions_setInputHeightWidth;
    NpAgentOptions_setOutputHeightWidth;
    NpAgentOptions_setInputStride;
    NpAgentOptions_setOutputStride;
    NpAgent_createFromBuffer;
    NpAgent_createFromFd;
    NpAgent_createFromCacheBuffer;
    NpAgent_createFromCacheFd;
    NpAgent_release;
    NpAgent_compute;
    NpAgent_computeWithFence;
    NpAgent_storeCompiledModel;
    NpAgent_getCompiledModelSize;
    NpAgent_updateOptions;
    NpAgent_validateInput;
    NpAgent_validateOutput;
    NpAgent_validateInputHeightWidth;
    NpAgent_validateOutputHeightWidth;
    NpAgentExecution_create;
    NpAgentExecution_release;
    NpAgentExecution_setInput;
    NpAgentExecution_setOutput;
    NpAgentAttributes_create;
    NpAgentAttributes_release;
    NpAgentAttributes_getInputFormat;
    NpAgentAttributes_getOutputFormat;
    NpAgentAttributes_getInputCompressionMode;
    NpAgentAttributes_getOutputCompressionMode;
    NpAgentAttributes_getInputHeightWidth;
    NpAgentAttributes_getOutputHeightWidth;
    NpAgentAttributes_getInputStride;
    NpAgentAttributes_getOutputStride;
    NpAgent_gpuCreate;
    NpAgent_gpuUpdate;
  local:
    *;
};
